// Jest Snapshot v1, https://goo.gl/fbAQLP

exports[`ProfilePicture should render correctly 1`] = `
<div>
  <a
    href="/a/profile//Profile-picture.png"
  >
    <img
      alt="Profile Picture"
      class="profilePicture"
      data-nimg="1"
      decoding="async"
      height="100"
      loading="lazy"
      src="http://localhost/_next/image?url=%2FProfile-picture.png&w=256&q=75"
      srcset="/_next/image?url=%2FProfile-picture.png&w=128&q=75 1x, /_next/image?url=%2FProfile-picture.png&w=256&q=75 2x"
      style="color: transparent; background-size: cover; background-position: 50% 50%; background-repeat: no-repeat;"
      width="100"
    />
  </a>
</div>
`;
